ABAD
ABAIKAN
ABDUL
ABDULLAH
ABDURRAHMAN
ABERSON
ABG
ABIDIN
ABILIO
ABIMANYU
ABNORMALITAS
ABOLISI
ABSTAIN
ABSURD
ACAK
ACARA
ACEH
ACHJAR
ACHMAD
ACHWAN
ACUAN
ADA
ADAKAH
ADALAH
ADANYA
ADE
AD-HOC
ADIK
ADIS
ADITYASWARA
ADJI
ADMINISTRASI
ADRIANUS
ADU
ADUHAI
ADVIS
ADZAN
AFDAL
AFFAN
AFGANI
AFGANISTAN
AFTA
AGAK
AGAMA
AGAMANYA
AGAR
AGENDA
AGFAR
AGUNG
AGUS
AGUSTUS
AGWUNOBI
AHLI
AHMAD
AIR
AIRLANGGA
AIRNYA
AJAK
AJANG
AJARAN
AJI
AJINOMOTO
AJUN
AKAL
AKAN
AKANKAH
AKAR
AKBAR
AKHIR
AKHIR-AKHIR
AKHIRNYA
AKIBAT
AKIBATNYA
AKRAB
AKSI
AKU
ALA
ALAM
ALAMAT
ALANGKAH
ALASAN
ALASANNYA
ALAT
ALAUDDIN
ALBAR
ALBUM
ALDOURI
ALERGEN
ALERGI
ALEX
ALFARIDZI
AL-GHOZI
ALGOJO
ALI
ALIAS
ALIH
ALIRAN
AL-JOHAR
ALKOTSAR
ALMARHUM
ALTERNATIF
ALUMINIUM
ALVIN
ALWI
AMAL
AMAN
AMANDEMEN
AMAR
AMARAH
AMAZON
AMBIL
AMBILKAN
AMBIVALENSI
AMBLESNYA
AMBOINA
AMBON
AMBURADUL
AMERIKA
AMIEN
AMIR
AMIRUDDIN
AMNESTI
AMPAS
AMPLOP
AMRIN
AMROZI
ANAK
ANAK-ANAK
ANAKNYA
ANALIS
ANALISIS
ANAM
ANCAM
ANCAMAN
ANDA
ANDALAN
ANDERSON
ANDREAN
ANEH
ANEKDOT
ANGGAP
ANGGARAN
ANGGITO
ANGGOTA
ANGGREK
ANGGUR
ANGIN
ANGKA
ANGKAT
ANGKATAN
ANGKOT
ANGKUT
ANGKUTAN
ANJLOK
ANJURKAN
ANNAN
ANSYORI
ANTAM
ANTAR
ANTARA
ANTARANYA
ANTARNEGARA
ANTI
ANTI-ABDURRAHMAN
ANTING
ANTITEROR
ANTRIAN
ANWAR
APA
APA-APA
APABILA
APAKAH
APALAGI
APAPUN
APARAT
APARTEMEN
APBN
APEL
APES
API
AQSO
AQUINO
ARAFAT
ARAFAT-POWELL
ARAH
ARANSEMEN
ARANSEMENNYA
ARAUJO
AREFA
ARGO
ARIF
ARIFIN
ARIO
ARLOJI
AROGAN
ARROYO
ARSIP
ARSYAD
ARTI
ARTIJO
ARTINYA
ARTISTIK
ARUN
ARUS
ARY
AS
ASAL
ASAL-ASALAN
ASALKAN
ASAM
ASBAK
ASEAN
ASEP
ASET
ASIA
ASING
ASINGNYA
ASLI
ASOSIASI
ASPAL
ASPEK
ASPIRASI
ASRAMA
ASRAMAGATE
ASSEGAF
ASTIKA
ASTRA
ASUMSI
ASWJ
ASYARI
ASYIK
ATAP
ATAS
ATASAN
ATASNYA
ATAU
ATAUPUN
ATEF
ATLET
ATM
ATMODJO
ATMOSFER
ATRAKSI
ATRIBUT
AUDIT
AUSTRALIA
AWAL
AWALLUDIN
AWALNYA
AWAM
AYAH
AYAM
AYIP
AYO
AZAS
AZERBAIJAN
AZIS
AZIZ
AZIZY
AZMI
AZNANI
AZRA
AZTARMIZI
AZWAR
AZYUMARDI
AZZAHRA
AZZURI
BAASYIR
BABAK
BACHRUMSYAH
BACHTIAR
BADAI
BADAN
BAGAI
BAGAIKAN
BAGAIMANA
BAGASI
BAGI
BAGIAN
BAGIMU
BAGJA
BAGUS
BAH
BAHKAN
BAHUNYA
BAHWA
BAIK
BAIK-BAIK
BAIKLAH
BAJA
BAJAJ
BAJU
BAK
BAKAL
BAKU
BALDAN
BALE
BALFAS
BALI
BALIBO
BALKON
BAMBANG
BANDA
BANDARA
BANDENG
BANDUNG
BANG
BANGAU
BANGKAI
BANGSA
BANGSA-BANGSA
BANGUN
BANGUNAN
BANJIR
BANK
BANKIR
BANTAH
BANTARAN
BANTEN
BANTU
BANTUAN
BANYAK
BANYAKNYA
BANYUURIP
BANYUWANGI
BAPAK
BAPAKKU
BAPEPAM
BAR
BARANG
BARANG-BARANG
BARAT
BARO
BARU
BASAH
BASRI
BASYUNI
BATAK
BATAL
BATAM
BATANG
BATU
BATUBARA
BAU
BAUNYA
BAWAAN
BAWAH
BAWAKAN
BAWAZIER
BAYANGKAN
BAYAR
BAYI
BAYI-BAYI
BAYINYA
BAYU
BEA
BEBAN
BEBAS
BEBERAPA
BECKHAM
BECUS
BEDANYA
BEDDU
BEGITU
BEIJING
BEJ
BEJO
BEKER
BEKERJA
BEL
BELA
BELAJAR
BELAKANG
BELAKANGAN
BELAKANGNYA
BELANDA
BELANJA
BELAS
BELGIA
BELI
BELIAU
BELO
BELUM
BENAR
BENAR-BENAR
BENCANA
BENDA
BENDERA
BENER
BENGKEL
BENGKULU
BENTENG
BENTROKAN
BENTUK
BENYAMIN
BEPERGIAN
BERADA
BERAKHIR
BERAMBUT
BERANDAI-ANDAI
BERANEKA
BERANGKAT
BERANI
BERANTAI
BERANTAKAN
BERAPA
BERARTI
BERAS
BERAT
BERBAGAI
BERBAHASA
BERBAHAYA
BERBANDING
BERBATASAN
BERBAU
BERBEDA
BERBEDA-BEDA
BERBENTUK
BERBESAR
BERBICARA
BERCAMPUR
BERDARAH
BERDASARKAN
BERDEKATAN
BERDEMOKRASI
BERDETAK
BERDINDING
BERDIRI
BERDOA
BEREBUT
BERENANG
BERENCANA
BERES
BERGANTIAN
BERGARANSI
BERGEGASLAH
BERGOYANG
BERGUNA
BERGUNJING
BERHASIL
BERHENTI
BERI
BERIKAN
BERIKUT
BERIMAN
BERIRAMA
BERISI
BERITA
BERITAHU
BERJALAN
BERJANJI
BERJATUHAN
BERJIHAD
BERJUDUL
BERKAITAN
BERKALI-KALI
BERKAMPANYE
BERKEDIP-KEDIP
BERKEMBANGNYA
BERKHIANAT
BERKONSENTRASI
BERKONSENTRASILAH
BERKORELASI
BERKUASA
BERKULIT
BERKUMPUL
BERKUNJUNG
BERKURANG
BERLAGA
BERLALU
BERLANGSUNG
BERLANTAI
BERLARUT-LARUTNYA
BERLEBIHAN
BERLENDIR
BERLOGO
BERLOMBA
BERLOTENG
BERMAIN
BERMASALAH
BERMOTIF
BERMOTOR
BERMUKIM
BERNOMOR
BERPENDAPAT
BERSALAH
BERSAMA
BERSAMAMU
BERSEDIA
BERSEPEDA
BERSIAGA
BERSIFAT
BERSIH
BERSIHKAN
BERSIKAP
BERSIMBAH
BERSINGGUNGAN
BERSPEKULASI
BERSPREI
BERSUJUD
BERSYUKUR
BERTAHAN
BERTANDING
BERTANGGUNG
BERTELE-TELE
BERTEMU
BERTEMUNYA
BERTERBANGAN
BERTERIMA
BERTIKAI
BERTINDAK
BERTOLAK
BERTRANSFORMASI
BERTUKAR
BERUBAH
BERUNDING
BERUNJUK
BERUPA
BERUSAHA
BERWARNA
BERWENANG
BERWUJUD
BERYODIUM
BERZIARAH
BESAR
BESARNYA
BESERTA
BESOK
BESUKI
BETAWI
BETUL
BETUL-BETUL
BIAR
BIARKAN
BIASA
BIASANYA
BIAYA
BIAYANYA
BIBIT
BICARA
BICARANYA
BIDANG
BILA
BILYET
BIMANTORO
BINA
BINGUNG
BINJAI
BINTANG
BIOGRAFI
BIOHANIS
BIOLOGI
BIOTEKNOLOGI
BIR
BIRO
BIROKRASI
BIRU
BISA
BISAKAH
BISNIS
BISRI
BLAK-BLAKAN
BLANKO
BLITAR
BLOKADE
BLOK-M
BLUE
BLUS
BOALEMO
BOB
BOCOR
BODOH
BOGEM
BOGOR
BOHLAM
BOIKOT
BOJONEGORO
BOLAK-BALIK
BOLEH
BOLEHKAH
BOM
BONDED-ZONE
BONDOWOSO
BORGOL
BORNEO
BOROBUDUR
BOSNIA
BOSTON
BOTOL
BOWO
BOYOLALI
BPPT
BRAILE
BRANKAS
BRAZIL
BREWOK
BRIGJEN
BRIMOB
BROKER
BROMO
BRUNAIGATE
BRUNEI
BRUNEIGATE
BRUSSELS
BU
BUAH
BUAT
BUATAN
BUCHORI
BUDAYA
BUDHA
BUDI
BUDIANTO
BUDIARTO
BUJETER
BUKA
BUKAN
BUKANKAH
BUKANLAH
BUKTI
BUKU
BUKUNYA
BULAN
BULAN-BULAN
BULDOZER
BULOG
BULOGATE
BULOGGATE
BUMBU-BUMBU
BUMI
BUMN
BUNDAR
BUNG
BUNGA
BUNGA-BUNGA
BUNGO
BUNTAL
BUNTET
BUPATI
BURHANUDDIN
BURON
BURSA
BURUH
BURUK
BURUNG
BUS
BUSUK
BUTIR
BUTUHKAN
BUYAT
CABANG
CABUT
CACAT
CADILLAC
CAHYO
CAIR
CAIRAN
CAKUPAN
CALL
CALO
CALON
CAMAT
CAMPUR
CAMPURAN
CANANG
CANTIK
CAP
CARA
CARANYA
CARSTEN
CAT
CATATAN
CAWANG-TOMANG-PLUIT
CDMA
CEBURKAN
CECEP
CECERAN
CEDERA
CEK
CEKATAN
CEKCOK
CELANA
CEMERLANG
CENCEN
CENDEKIAWAN
CENDERAWASIH
CENDERUNG
CENGENG
CENGKEH
CENGKEHNYA
CENTER
CEPAT
CERAH
CERDAS
CERIA
CERITA
CERITAKAN
CETAK
CHAERUDIN
CHAERUL
CHAIRANI
CHAIRUL
CHALID
CHAMSYAH
CHECK
CHECK-OUT
CHOI
CHOIRIE
CHOIRUL
CHOLIL
CHOMSYAH
CHOTIBUL
CHRISYE
CIBEUREUM
CIBINONG
CICIT
CIDERA
CIGANJUR
CIHIDEUNG
CIKARANG
CIKINI
CIKOPO
CILANDAK
CILEDUG
CILEUNGSI
CILILITAN
CINA
CINCIN
CINDERAMATA
CINTA
CIPARUGPUG
CIPTA
CIPTAKAN
CIREBON
CIRI
CISADANE
CISAUK
CITEUREUP
CITRA
CLURIT
COBA
COBA-COBA
COCA-COLA
COCOK
COKLAT
COKROAMINOTO
COLLECT
CONTOH
CONTOH-CONTOH
CONTOHNYA
COPOT
CUACA
CUCI
CUCU
CUCUNYA
CUEK
CUKAI
CUKUP
CULIK
CUMA
CUPLIKAN
CURAH
CURIANNYA
CURIGA
CURUG
CUTI
CUTINYA
DAERAH
DAERAH-DAERAH
DAFTAR
DAGANG
DAGANGAN
DAGANGANNYA
DAGING
DAHAKNYA
DAHSYAT
DAHULU
DAIHATSU
DALAM
DALAMNYA
DAMAI
DAMPAK
DAN
DANA
DANAU
DANGDUT
DANIEL
DANIRI
DAPAT
DAPATKAH
DARAH
DARAT
DARATAN
DARHAM
DARI
DARIPADA
DARUSSALAM
DASAR
DASARNYA
DATA
DATANG
DATANGNYA
DAVID
DAVIDS
DAWAI
DAYA
DAYEUHLUHUR
DAYUNG
DEBITOR
DEBU
DEDE
DEH
DEKAT
DEKLARASI
DEKRIT
DELAPAN
DELEGASI
DELISTING
DEMAM
DEMI
DEMIKIAN
DEMISIONER
DEMO
DEMOKRASI
DEMONSTRASI
DENGAN
DENGAR
DEPAG
DEPAN
DEPARTEMEN
DEPDAGRI
DEPHUBTEL
DEPHUT
DEPKEH
DEPKEU
DEPLU
DEPNAKERTRANS
DEPPERINDAG
DEPUTI
DERAS
DERITA
DESAIN
DESAK
DETAIL
DETAK
DETONATOR
DEVELOPER
DEVISA
DEWA
DEWAN
DEWASA
DEWI
DI
DIA
DIABETES
DIAJUKAN
DIAKTIFKAN
DIAKUI
DIAKUINYA
DIALAMATKAN
DIALAMI
DIALAMINYA
DIALIHKAN
DIALIRKAN
DIALOG
DIAM-DIAM
DIANGGAP
DIANGKAT
DIANGKUT
DIANTARANYA
DIARE
DIASRAMAKAN
DIATUR
DIBACA
DIBAHAS
DIBAKAR
DIBANDING
DIBANDINGKAN
DIBARENGI
DIBAWA
DIBAWAH
DIBAWANYA
DIBAYARKAN
DIBERI
DIBERIKAN
DIBERITAKAN
DIBERSIHKAN
DIBILANG
DIBONCENG
DIBONGKAR
DIBOPONG
DIBORGOL
DIBORONG
DIBUANG
DIBUAT
DIBUNYIKAN
DICABUT
DICUCI
DICURI
DIDAMPINGI
DIDAPAT
DIDATANGI
DIDIAGNOSIS
DIDIK
DIDIKTE
DIDORONG
DIDORONG-DORONG
DIDUGA
DIDUKUNG
DIENG
DIEVAKUASI
DIGANTI
DIGELAR
DIGOLONGKAN
DIGONCANG
DIGUBRIS
DIGUNAKAN
DIHADAPI
DIHALAU
DIHAMBAT
DIHARAPKAN
DIHEMPAS
DIHENTIKAN
DIHIMBAU
DIHUBUNGI
DIIDENTIFIKASI
DIIMBAU
DIINGATKAN
DIIRINGI
DIISI
DIIZINKAN
DIJADIKAN
DIJADWALKAN
DIJAMBRET
DIJANGKAU
DIJATUHKAN
DIJAWAB
DIJEBLOSKAN
DIJEMPUT
DIJUAL
DIJUMPAI
DIJUNJUNG
DIKATAKAN
DIKAWAL
DIKEBUMIKAN
DIKELOLA
DIKELUARKAN
DIKEMUDIKAN
DIKENAKAN
DIKENAL
DIKENDARAI
DIKETUAI
DIKHAWATIRKAN
DIKIRIM
DIKIRIMKAN
DIKLASIFIKASIKAN
DIKONSENTRASIKAN
DIKUTIP
DILAKSANAKAN
DILAKUKAN
DILAKUKANNYA
DILALUI
DILANDA
DILANJUTKAN
DILAPORKAN
DILECEHKAN
DILEPAS
DILERAI
DILETAKKAN
DILIBATKAN
DILIHAT
DIMAKSUD
DIMAKSUDKAN
DIMASAK
DIMINTAI
DIMUAT
DIMULAI
DINAMIKA
DINDING
DINILAI
DINILAINYA
DINYATAKAN
DIOPERASI
DIPAKAI
DIPAKSAKAN
DIPANDANG
DIPANGGIL
DIPASTIKAN
DIPEGANG
DIPENUHI
DIPENUHINYA
DIPERBAIKI
DIPERCAYA
DIPERIKSA
DIPERKIRAKAN
DIPERLUKAN
DIPEROLEH
DIPERPARAH
DIPERSIAPKAN
DIPERTAHANKAN
DIPICU
DIPILIH
DIPIMPIN
DIPINDAHKAN
DIPLOMATIK
DIPOSKAN
DIPOTONG
DIPOTRET
DIPUBLIKASIKAN
DIPUJI
DIPUKUL
DIPULIHKAN
DIPUSATKAN
DIPUTAR
DIRAMAIKAN
DIRAMPOK
DIRASA
DIREKTUR
DIRI
DIRINYA
DIRJEN
DISAMBUT
DISAMPAIKAN
DISAMPING
DISEBUT
DISEBUTKAN
DISEDOT
DISEGEL
DISELESAIKAN
DISELINGI
DISERAHKAN
DISERANG
DISETUJUI
DISIAPKAN
DISIMPAN
DISINGGUNG
DISIPLIN
DISITA
DISKON
DISKORS
DISKRIMINATIF
DISNEYLAND
DISULAP
DISUPLAI
DISUSUN
DISYUKURI
DITAFSIRKAN
DITAHAN
DITAHANNYA
DITAMPUNG
DITANDATANGANI
DITANGGAPI
DITANGKAP
DITANYA
DITARGETKAN
DITARIK
DITAYANGKAN
DITEGUR
DITEMPUH
DITEMUI
DITEMUKAN
DITENGARAI
DITENTUKAN
DITEPATI
DITERIMA
DITETAPKAN
DITILANG
DITINJAU
DITODONG
DITOLAK
DITSERSE
DITUDUH
DITUJUKAN
DITULIS
DITUNGGU
DITUNTASKAN
DITUTUP
DIUANGKAN
DIUBAH
DIUPAYAKAN
DIURAIKAN
DIVONIS
DIWAKILI
DIWARNAI
DIWAWANCARAI
DIY
DJAELANI
DKI
DODI
DODO
DOKTER
DOKUMENTASI
DOLAR
DONG
DORAEMON
DOSIS
DPR
DPRD
DRAF
DRAINASE
DRAMATIS
DRY-CLEAN
DUA
DUALISME
DUBES
DUDUK
DUDUK-DUDUK
DUDUKNYA
DUET
DUGAAN
DUGAANNYA
DUKUNGAN
DULU
DULUNYA
DUNIA
DUPA
DUR
DUTA
DWIKARNA
DWIKEWARGANEGARAAN
DZUHUR
EARPHONE
EBTANAS
ECERAN
EDARAN
EDDY
EDGAR
EDISI
EDITOR
EDUARDO
EDY
EEP
EFEKNYA
EFEKTIF
EFEKTIFNYA
EFFENDY
EGALITER
EGGI
EGI
EGO
EGOISME
EH
EJEKAN
EKKI
EKONOMI
EKSEKUTIF
EKSEKUTIF-LEGISLATIF
EKSEKUTOR
EKSKLUSIF
EKSPLISIT
EKSPLOITASI
EKSPOR
EKSTENSIFIKASI
EKS-TIMOR
EL
ELAKNYA
ELANG
ELEKTRONIK
ELEMEN
ELIMINASI
ELITE
ELIZA
ELSA
ELSHINTA
ELSYA
ELVIS
ELZA
EMAIL
EMANUEL
EMAS
EMBARGO
EMBONG
EMIR
EMITEN
EMPAT
ENAK
ENAM
ENDO
ENDRIARTONO
ENERGI
ENGGAK
ENGGAN
ENGGARTIASTO
ENICO
ENJAM
ENTAHLAH
ENTOY
ENYAM
EPISODE
ERA
ERAT
ERMITA
EROPA
EROSS
ES
ESAI
ESOK
ESTER
ETALASE
ETIK
ETIKA
ETNIK
ETNIS
ETNISITAS
EULIS
EURICO
EUTHANASIA
EVAKUASI
EVALUASI
EVI
FACHMI
FACHRI
FADEL
FAHMI
FAISAL
FAJRUL
FAKSIMILE
FAKTA
FAKTOR
FANATIK
FANS
FANTASTIS
FARHAN
FARIKHA
FARIZ
FARMA
FASIH
FASILITAS
FATAH
FATHUR
FATMAWATI
FAUZI
FAVORIT
FAVORITNYA
FAX
FAZRI
FBR
FEBRUARI
FEDERAL
FEDERASI
FEISAL
FELIX
FENG
FEODAL
FERDINANDUS
FERI
FEROZA
FERRY
FESTIVAL
FIGUR
FIJI
FILIPINA
FILM
FILM-FILM
FILMNYA
FILOSOFI
FILSUF
FINAL
FIRAUN
FISIK
FISIP
FLEKSIBEL
FLORAT
FLORES
FLORIDA
FLUKTUATIF
FOKUS
FORMAL
FORMALITAS
FORMAT
FORMULIR
FORTUNA
FORUM
FOTO
FOTO-FOTO
FOTOGRAFER
FPDIP
FRAGMENTASI
FRAKSI
FRAKSI-FRAKSI
FRANCISCO
FRANKFURT
FRANS
FREEPORT
FREKUENSI
FREKWENSI
FRETILIN
FRIETS
FRONT
FRUSTRASI
FUAD
FUJIWARA
FUNDAMENTAL
FUNGSI
FUNGSIONARIS
FUTSAL
GABUNGAN
GADE
GADING
GADIS
GADO-GADO
GAFUR
GAGAL
GAGASAN
GAJI
GALON
GAM
GAMBIR
GAMBLANG
GANGGUAN
GAPENSI
GARA-GARA
GARAM
GARANSI
GARIS
GARUDA
GARUT
GAS
GAWE
GAYA
GAZALI
GEBYAR
GEDE
GEDONG
GEDUNG
GEGAP
GEGER
GEJALA
GEJOLAK
GELAP
GELOMBANG
GEMBIRA
GEMPITA
GEMPOL
GENCARNYA
GENDUT
GENERASI
GENG
GENGGAM
GENTENG
GEODESI
GEOFISIKA
GEPOKAN
GERAI-GERAI
GERAK
GERAKAN
GERBONG
GEREJA
GERETAN
GERUNGAN
GESEKAN
GHAIB
GHUFRON
GIGI
GIMANA
GINANJAR
GINSENG
GINTINGS
GIRO
GITAR
GITU
GIULIANI
GIZI
GIZINYA
GLASGOW
GLENN
GLENYENGAN
GLOBAL
GLOBALISASI
GLODOK
GLONGGONGAN
GLUTAMAT
GOA
GOBEL
GOL
GOLF
GOLFNYA
GOLKAR
GOLOK
GONDRONG
GONZALES
GORENG
GORO
GORONTALO
GOTONG
GRACE
GRANAT
GRATIS
GRESIK
GROSIR
GRUP
GRUSA-GRUSU
GUBERNUR
GUBERNURNYA
GUDANG
GUE
GUGATAN
GUGUP
GULTOM
GUNA
GUNAKAN
GUNTING
GUNUNG
GURAUNYA
GURU
GUS
GUSMARDI
HABIB
HABIBIE
HABIS
HADAD
HADAPAN
HADI
HADIR
HADIRIN
HAFIZ
HAI
HAJI
HAK
HAKIM
HAL
HALAMAN
HALAMANNYA
HALIM
HALO
HALTE
HALTE-HALTE
HAM
HAMAD
HAMDANI
HAMID
HAMPIR
HAMZAH
HANAFIE
HANDAI
HANGSENG
HANYA
HANYUT
HAPUS
HARAPAN
HARCO
HARGA
HARGA-HARGA
HARGANYA
HARI
HARIMAU
HARINYA
HARKRISNOWO
HARKRISTUTI
HARMAYN
HARTO
HARUS
HARUSNYA
HARVEY
HARYANTO
HASAN
HASBALAH
HASIL
HASILNYA
HASSAN
HASYIM
HATI
HATI-HATI
HATIKU
HATTA
HAUL
HAWA
HAZLI
HEADPHONE
HEBAT
HEBATNYA
HEHAMAHUA
HEI
HEKTAR
HELIKOPTER
HELIPED
HENDAK
HENDAKNYA
HENDRA
HENDRAJIT
HENDRAWAN
HENDRO
HENGKANG
HENING
HENTIKAN
HEPPI
HERAN
HERMAN
HERNA
HEROIN
HERWIDAYATMO
HEWAN
HIBURAN
HIDETOSHI
HIDUP
HIDUP-HIDUP
HIDUPNYA
HIJAU
HIJAUNYA
HIJRAH
HIKAM
HILANG
HIMBAUAN
HINGGA
HIRAU
HITAM
HMM
HOBI
HOEGENG
HOESAINY
HOIRIAH
HONGARIA
HONGKONG
HONORER
HORISONTAL
HORIZON
HOS
HOTEL
HOUSE
HOWARD
HUBBLE
HUBUNGAN
HUJAN
HUKUM
HUKUMNYA
HUMAS
HURUF
HURUF-HURUF
HUSEIN
HUSODO
HUTAN
IA
IALAH
IBADAH
IBARATNYA
IBNU
IBU
IBUNDA
IBUNYA
ICHIRO
ICHLASUL
ICHRAM
ICHSAN
ICHWAN
IDE
IDEOLOGIS
IDHAM
IDRIS
IGUACU
IHSG
IHWAL
IHZA
IJAZAH
IJIN
IKAN
IKHDAN
IKHLAS
IKIP
IKLIM
IKUT
IKUTI
ILEGAL
ILLAHI
ILMU
ILMUWAN
ILYAS
IMAJINASINYA
IMAM
IMAN
IMB
IMBAU
IMBUH
IMEJ
IMF
IMLEK
IMPOR
IMRON
INAP
INDEKS
INDEPENDEN
INDIA
INDIKASI
INDIVIDU
INDOCINA
INDOFOOD
INDOLIFE
INDONESIA
INDONESIA-AS
INDRIYANTO
INDUSTRI
INEFISIENSI
INFO
INFORMASI
INFUS
INGAT
INGGRIS
INGIN
INI
INI-ITU
INILAH
INISIATIF
INSANG
INSPEKTUR
INSTALASI
INSTITUSI
INSTITUT
INSTRUKTUR
INSYAF
INTERAKTIF
INTERLOKAL
INTERNASIONAL
INTERPELASI
INTERUPSI
INTI
INVENTARISASI
INVESTASI
INVESTOR
IPTU
IRAK
IRAMASUKA
IRAWAN
IRENG
IRIANJAYA
IRISAN
IRJA
IRWANSYAH
ISA
ISHIDA
ISI
ISILAH
ISINYA
ISKANDAR
ISLAM
ISLAMIYAH
ISMAIL
ISOLASI
ISRAEL
ISTANA
ISTIGFAR
ISTILAH
ISTIMEWA
ISTRI
ISTRINYA
ISU
ISU-ISU
ISYARATKAN
ITALIA
ITB
ITU
ITU-ITU
ITULAH
IURAN
IWAN
IYA
IZIN
IZINKANLAH
IZINNYA
JABATAN
JACOEB
JADI
JADWAL
JAENUDIN
JAFAR
JAJARAN
JAKARTA
JAKSA
JAKSEL
JALAN
JALANAN
JALAN-JALAN
JALANNYA
JALUR
JAM
JAMAAH
JAMAL
JAMBI
JAMUR
JANGAN
JANGKAUAN
JANJI
JANJI-JANJI
JANUARI
JARAK
JARI
JARINGAN
JASA
JATENG
JATIM
JATIUWUNG
JATUH
JAUH
JAWA
JAWAB
JAWABAN
JAYA
JAYADI
JAYAPURA-WAMENA
JAZED
JEBLOK
JEDA
JEDDAH
JEGAL
JEJAK
JELAS
JELEK
JEMAAH
JEMBATAN
JEMBER
JENASAH
JENAZAH
JENDELA
JENDERAL
JENDRAL
JENEPONTO
JENGGOT
JENIS
JENIS-JENIS
JENJANG
JEPANG
JEPARA
JERA
JERMAN
JERNIH
JERUSALEM
JIANG
JIHAD
JIHANDAK
JIKA
JILID
JIMBARAN
JINJING
JIWA
JOGJA
JOJO
JOKO
JOMBANG
JOMPO
JONGOS
JORDAN
JOSEF
JOSIS
JUAL
JUANDA
JUARA
JUDI
JUDUL
JUFRI
JUGA
JULUKAN
JUMAT
JUMLAH
JUMLAHNYA
JUMPA
JUNAEDI
JUNDULLAH
JUNI
JUNTRUNGANNYA
JUORO
JURUSAN
JUS
JUSTRU
JUSUF
JUTA
JUWONO
KABAG
KABAR
KABEL-KABEL
KABINET
KABUPATEN
KABUR
KABUYUTAN
KACA
KACAMATA
KACANG-KACANGAN
KACAU
KACAU-BALAU
KACUNG
KADANG-KADANG
KADER
KADERNYA
KADITSERSE
KAGETKAN
KAHAYAN
KAHFI
KAIMOEDDIN
KAITAN
KAJARI
KAKI
KALAH
KALANGAN
KALAU
KALAUPUN
KALEB
KALEM
KALENG
KALI
KALIFORNIA
KALKUN
KALLA
KALSEL
KALSIUM
KALUNG
KAMALUDDIN
KAMAR
KAMARNYA
KAMARUZZAMAN
KAMBOJA
KAMERA
KAMI
KAMIS
KAMPANYE
KAMPUNG
KAMTIB
KAMU
KAN
KANDAS
KANDUNG
KANINDOTEX
KANJI
KANKER
KANS
KANTOR
KANVAS
KANWIL
KAPAL
KAPAN
KAPANKAH
KAPASITAS
KAPAU
KAPITALISME
KAPOLDA
KAPOLRES
KAPOLRI
KAPOLSEK
KAPTEN
KARANGAN
KARAOKE
KARAT
KARENA
KARNO
KARTASASMITA
KARTIKO
KARTU
KARUNG
KARYA
KARYANYA
KARYAWAN
KAS
KASAD
KASDAM
KASET
KASIEPO
KASIH
KASUBAG
KASUS
KATA
KATAKAN
KATANYA
KATEDRAL
KATOLIK
KAU
KAUM
KAUS
KAVLING
KAWASAN
KAYA
KAYU
KAYU-KAYU
KE
KEADAAN
KEADAANNYA
KEADILAN
KEAGUNGAN
KEAMANAN
KEBAKARAN
KEBANGKITAN
KEBEBASAN
KEBENARAN
KEBENCIAN
KEBERANGKATAN
KEBERANIAN
KEBERATAN
KEBERHASILANNYA
KEBIJAKAN
KEBOHONGAN
KEBUTUHAN
KECAM
KECAMATAN
KECAP
KECELAKAAN
KECENDERUNGAN
KECEWA
KECIL
KECIL-KECILAN
KECOLONGAN
KECUALI
KEDAERAHAN
KEDAI
KEDATANGAN
KEDAULATAN
KEDIAMAN
KEDINGINAN
KEDUA
KEDUBES
KEDUDUKAN
KEDUNGOMBO
KEDUTAAN
KEDUTAANNYA
KEEFEKTIFAN
KEEMPAT
KEESOKAN
KEHADIRAN
KEHANCURAN
KEHERANANNYA
KEHIDUPAN
KEHILANGAN
KEHORMATAN
KEIKHLASAN
KEJADIAN
KEJAGUNG
KEJAKSAAN
KEJORA
KEJU
KEJUJURAN
KEKACAUAN
KEKHAWATIRAN
KEKHILAFAN
KEKHUSUSAN
KEKUASAAN
KEKUATAN
KEKURANGAN
KELAPA
KELEBIHAN
KELEWANG
KELILING
KELIMA
KELOMPOK
KELOMPOK-KELOMPOK
KELONGGARAN
KELUAR
KELUARGA
KELUARGANYA
KELUH
KEMAJUAN
KEMAMPUAN
KEMAMPUANNYA
KEMANUSIAAN
KEMARIN
KEMAYORAN
KEMBALI
KEMBALIAN
KEMBALIANNYA
KEMBALIKAN
KEMENANGAN
KEMIRINGANNYA
KEMUDIAN
KEMUNGKINAN
KENAIKAN
KENAKAN
KENDARAAN
KENDARAANNYA
KENTAL
KENYATAAN
KEPADA
KEPALA
KEPALANYA
KEPEGAWAIAN
KEPEMILIKAN
KEPEMIMPINANNYA
KEPENTINGAN
KEPINGIN
KEPMENNAKERTRANS
KEPOLISIAN
KEPONAKANNYA
KEPPRES
KEPRIHATINAN
KEPULAUAN
KEPUTUSAN
KERABAT
KERACUNAN
KERAMIK
KERAN
KERANGKA
KERAP
KERAS
KERBAU
KERENTANAN
KERETA
KERINDUAN
KERISAUAN
KERITING
KERJA
KERONCONG
KERUSAKAN
KESALAHAN
KESAN
KESANNYA
KESEHATAN
KESELURUHAN
KESEMPATAN
KESENIAN
KESEPAKATAN
KESIAPAN
KESIBUKAN
KESIMPULAN
KESOWO
KESRA
KESULITAN
KETELEDORAN
KETENTUAN
KETERAMPILAN
KETERANGAN
KETETAPAN
KETIDAKPASTIAN
KETIGA
KETIKA
KETIMBANG
KETOPRAK
KETUA
KETUJUH
KETUPAT
KEUANGAN
KEUNGGULAN
KEUNTUNGAN
KEWELL
KEWENANGAN
KEYAKINAN
KEYAKINANNYA
KEZALIMAN
KHADIJAH
KHAIRUL
KHALAYAK
KHALAYAKNYA
KHALID
KHALIL
KHARISMA
KHAS
KHASANAH
KHAWATIR
KHAYAL
KHAZANAH
KHIANATI
KHIDMAT
KHILAF
KHIROM
KHITANAN
KHOFIFAH
KHOLID
KHOLIK
KHOTIB
KHRISNA
KHRISNINA
KHUSUS
KHUSUSNYA
KHUSYUK
KI
KIAI
KIAN
KIAT
KIDUL
KIEMAS
KILANG
KIMIA
KINERJA
KINI
KIOS
KIRA
KIRA-KIRA
KIRBIANTORO
KIRI
KIRIM
KIRIMKAN
KIRINYA
KITA
KLAB
KLAIM
KLAIM-KLAIM
KLARIFIKASI
KLASIK
KLIENNYA
KLIRING
KLOSET
KLOTER
KLUB
KLUB-KLUB
KLUBNYA
KOBOI
KOCAR-KACIR
KODAM
KODE
KODIM
KODYA
KOESHADIANTO
KOGNITIF
KOIZUMI
KOK
KOKO
KOKTAIL
KOLAM
KOLEKTIF
KOLOM
KOMA
KOMANDAN
KOMANDO
KOMAT-KAMIT
KOMEDI
KOMERSIAL
KOMISARIS
KOMISI
KOMITE
KOMITMEN
KOMITMENNYA
KOMNAS
KOMODITAS
KOMPAS
KOMPETEN
KOMPETISI
KOMPLAIN
KOMPLEKS
KOMPLEKSNYA
KOMPREHENSIF
KOMPUTER
KOMSELINDO
KOMUNIKE
KONDISI
KONDISINYA
KONFERENSI
KONFLIK
KONGHUCU
KONGKOW-KONGKOW
KONGLOMERAT
KONSENSUS
KONSEP
KONSEPNYA
KONSER
KONSERVASI
KONSPIRASI
KONSTITUSI
KONSUMSI
KONTAINERNYA
KONTINYU
KONTRIBUSI
KONTROL
KONVERSI
KONVOI
KOORDINATOR
KOPERASI
KOPI
KOPILOT
KOPOR
KORAN
KORBAN
KOREA
KOREM
KORPS
KORSLETING
KORUPTOR
KOSASIH
KOSONG
KOSOVO
KOSTRAD
KOTA
KOTAK
KOTANYA
KRAM
KRAYAN
KREATIF
KREDIBELNYA
KREDIT
KRIMINAL
KRIMINOLOG
KRISIS
KRISMON
KRISNA
KRISTIANI
KRISTUS
KRITERIA
KRITIK
KRITIKAN
KRITIKUS
KRITIS
KROMOSOM
KRONIK
KRONINYA
KRU
KRUENG
KUALITAS
KUALITASNYA
KUASA
KUAT
KUBU
KUBUR
KUDA
KUE
KUITANSI
KUITANSINYA
KUKU
KULI
KULIT
KULONPROGO
KUMAN
KUMISNYA
KUNCI
KUNING
KUNJUNGAN
KUNJUNGANNYA
KUNJUNGI
KURANG
KURNIAWAN
KURS
KURSI
KURSNYA
KUSBINI
KUTA
KUYUP
KWIK
KYAI
LA
LABEL
LABORATORIUM
LACI
LADA
LAGI
LAGU
LAGU-LAGU
LAHAN
LAHIR
LAHIRLAH
LAIN
LAINNYA
LAKI-LAKI
LAKSAMANA
LAKUKAN
LALU
LALUI
LAMA
LAMBAIAN
LAMBAN
LAMONGAN
LAMPAU
LAMPU
LAMPUNG
LANDAI
LANDAI-LANDAI
LANGGAM
LANGIT
LANGKA
LANGKAH
LANGSUNG
LANJUT
LANTAI
LANTAS
LANTIK
LANUD
LAODE
LAOS
LAPANGAN
LAPORAN
LAPORANNYA
LARANG
LARI
LARIS
LASKAR
LAUT
LAWAN
LAYAK
LAYANAN
LAYANANNYA
LAYAR
LAZIM
LAZIO
LEBARAN
LEBDORINI
LEBIH
LEDAKAN
LEGAL
LEGENDA
LEGIUN
LEGOWO
LEHER
LEKAT
LELAH
LELAKI
LELUASA
LEMAH
LEMBAGA
LEMBAH
LEMBUR
LEMHANNAS
LEMPARAN
LEMPAR-LEMPARAN
LEMPENG
LEMPENGAN
LENGANG
LENGKAP
LEO
LEONARDO
LERENG
LERENGNYA
LESTARI
LESU
LETAKNYA
LETJEN
LETKOL
LEWAT
LEZAT
LHA
LIAR
LIBERO
LIBURAN
LIE
LIGITAN
LIHAI
LIHAT
LIHATNYA
LIKUID
LILIEK
LIMA
LIMBAH
LIMPAHAN
LINCOLN
LINGKUNGAN
LINGKUP
LINTAS
LIPPO
LISTRIK
LOBI
LOGAT
LOGIKA
LOGISTIK
LOKAL
LOKASI
LOKET-LOKET
LOLOS
LOMBA
LOMBOK
LONDON
LOROSAE
LOWONG
LUAR
LUAS
LUBANG
LUBULINGGAU
LUCU
LULUS
LUMRAH
LUNGLAI
LUPA
LUTFI
LUWUK
MAAF
MAAFKAN
MAARIF
MABES
MACAM
MACET
MACHFUDZ
MADJID
MAFTUH
MAGHRIB
MAHADI
MAHAL
MAHARANI
MAHASISWA
MAHATHIR
MAHENDRA
MAHFUD
MAIN
MAJALAH
MAJELIS
MAJID
MAKA
MAKAN
MAKANAN
MAKANYA
MAKARIM
MAKASSAR
MAKHFUD
MAKHLUK
MAKLUMAT
MAKMUR
MAKRUF
MAKSUD
MAKTAB
MAL
MALAH
MALAIHOLLO
MALAM
MALAYSIA
MALUKU
MAMPANG
MAMPIR
MAMPU
MANA
MANAGEMEN
MANAJER
MANAKAH
MANAKALA
MANDAU
MANDEG
MANDEK
MANDI
MANHATTAN
MANTAN
MANTEB
MANUEL
MANUSIA
MANUVER-MANUVER
MAPOLRES
MARET
MARFUAH
MARGA
MARI
MARIA
MARIO
MARKAS
MARLEY
MARS
MARTINI
MARTINUS
MARTY
MARZUKI
MASA
MASAK
MASAKAN
MASAKANNYA
MASALAH
MASHUDI
MASIH
MASING-MASING
MASJID
MASSA
MASSAL
MASTERCARD
MASUK
MASUKAN
MASUKNYA
MASYARAKAT
MASYUMI
MATA
MATANG
MATERAI
MATI
MATINEE
MATORI
MAU
MAUKAH
MAUPUN
MAWAR
MAYA
MAYJEN
MAYJEND
MAYOR
MAZHAB
MBAH
MBAK
MEDALI
MEDAN
MEDIA
MEDIS
MEGA
MEGAWATI
MEGAWATI-HAMZAH
MEI
MEJA
MEJELIS
MEKANISME
MEKKAH
MELAJU
MELAKSANAKAN
MELAKUKAN
MELAKUKANNYA
MELALUI
MELAMBAI
MELAMBAI-LAMBAIKAN
MELAMPAUI
MELANGGAR
MELANJUTKAN
MELANTIK
MELATA
MELAYANI
MELEBIHI
MELEDAK
MELEJIT
MELEMAH
MELEMAHNYA
MELEMPAR
MELEPASKAN
MELERAI
MELETAKKAN
MELEWATI
MELEWATINYA
MELIHAT
MELIPATGANDAKAN
MELIRIK
MELONJAK
MELONJAKNYA
MELONTARKAN
MELUAP
MELUAPNYA
MEMADAI
MEMAHAMINYA
MEMAKAI
MEMAKLUMI
MEMANASKAN
MEMANCING
MEMANDANG
MEMANFAATKAN
MEMANG
MEMANGGIL
MEMANGGILKAN
MEMANGKU
MEMASARKAN
MEMASTIKAN
MEMATAHKAN
MEMBALIKKAN
MEMBANGKITKAN
MEMBANGUN
MEMBANJIRI
MEMBANTAH
MEMBANTU
MEMBARIKADE
MEMBATASI
MEMBAWA
MEMBAYAR
MEMBAYARNYA
MEMBEBANKAN
MEMBEBASKAN
MEMBELA
MEMBELI
MEMBELINYA
MEMBENARKAN
MEMBENTUK
MEMBERDAYAKAN
MEMBERI
MEMBERIKAN
MEMBERITAHU
MEMBERITAHUKAN
MEMBERLAKUKAN
MEMBEZUK
MEMBICARAKANNYA
MEMBOHONGI
MEMBUANG
MEMBUAT
MEMBUBARKAN
MEMBUJUK
MEMBUKA
MEMBUNUH
MEMBURAI
MEMBURUK
MEMBUTUHKAN
MEMECAHKAN
MEMEGANG
MEMENEJ
MEMENUHI
MEMEPET
MEMERIKSA
MEMERIKSANYA
MEMERINTAH
MEMERINTAHKAN
MEMESAN
MEMESANKAN
MEMICU
MEMIKIRKAN
MEMILIKI
MEMIMPIN
MEMINJAM
MEMINJAMKAN
MEMINTA
MEMO
MEMPELAJARI
MEMPENGARUHI
MEMPERCEPAT
MEMPERINDAG
MEMPERINGATI
MEMPERKENALKAN
MEMPEROLEH
MEMPERSIAPKAN
MEMPERTAHANKAN
MEMPERTANGGUNGJAWABKAN
MEMPORAKPORANDAKAN
MEMPUNYAI
MEMUJI
MEMUNCULKANNYA
MEMUNGKIRI
MEMUTAR
MEMUTUSKAN
MENABURKAN
MENAFIKAN
MENAIKKAN
MENAMBAH
MENAMBAHKAN
MENAMPIK
MENAMPUNG
MENANDATANGANI
MENANGANI
MENANGGAPI
MENANGGAPINYA
MENANGKAL
MENANGKAP
MENARIK
MENATA
MENATAP
MENCABIK-CABIK
MENCAPAI
MENCARI
MENCECAR
MENCEGAH
MENCEGAHNYA
MENCEMARKAN
MENCERITAKAN
MENCERMINKAN
MENCIPTA
MENCIPTAKAN
MENCIUT
MENCLA-MENCLE
MENCOBANYA
MENCORENG
MENCRET
MENCUAT
MENCURIGAI
MENDAFTARKAN
MENDAGRI
MENDAPAT
MENDAPATKAN
MENDAPATKANNYA
MENDARAT
MENDATANG
MENDATANGI
MENDATANGKAN
MENDEKATI
MENDENGAR
MENDENGARKAN
MENDENGARNYA
MENDESAK
MENDETEKSI
MENDIKBUD
MENDIKNAS
MENDOZA
MENDUGA
MENDUKUNG
MENEBANG
MENEG
MENEGAKKAN
MENEGASKAN
MENEKANKAN
MENELEPON
MENELEPONNYA
MENELUSURI
MENEMUI
MENEMUKAN
MENENGAH
MENENGARAI
MENENGOK
MENENTUKAN
MENEPIS
MENERAPKAN
MENERIMA
MENETAPKAN
MENEWASKAN
MENGABAIKAN
MENGACAUKAN
MENGACU
MENGACUNG-ACUNGKAN
MENGADAKAN
MENGADILI
MENGAJUKAN
MENGAKU
MENGAKUI
MENGALAMI
MENGALIR
MENGAMANKAN
MENGAMBIL
MENGAMBILKAN
MENGANDUNG
MENGANTAR
MENGANTRI
MENGANUT
MENGAPA
MENGATAKAN
MENGATASI
MENGAWINI
MENGECAT
MENGECEK
MENGECEKNYA
MENGEDEPANKAN
MENGEJAR
MENGEKANG
MENGEKSPRESIKAN
MENGELAK
MENGELOLA
MENGELUARKAN
MENGELU-ELUKAN
MENGELUH
MENGEMBALIKAN
MENGEMUDI
MENGEMUKAKAN
MENGENAI
MENGENAKAN
MENGENAL
MENGENDARAI
MENGENYAM
MENGERIKAN
MENGESANKAN
MENGETAHUI
MENGETUK-NGETUK
MENGEVAKUASI
MENGEVAKUASIKAN
MENGGANDENG
MENGGANGGU
MENGGANTI
MENGGARAP
MENGGEDOR
MENGGELAR
MENGGELEMBUNG
MENGGENCET
MENGGENDONG
MENGGIGIL
MENGGUGAT
MENGGULUNG
MENGGUNAKAN
MENGGUNAKANNYA
MENGGUYUR
MENGHABISKAN
MENGHADAPI
MENGHADIRI
MENGHADIRKAN
MENGHALAU
MENGHAMBAT
MENGHARAPKAN
MENGHASILKAN
MENGHIASI
MENGHILANG
MENGHILANGKAN
MENGHINDARI
MENGHIRAUKAN
MENGHORMATI
MENGHUBUNGI
MENGHUKUM
MENGIKUTI
MENGILHAMI
MENGIMPOR
MENGINGATKAN
MENGINJAK-INJAK
MENGINTAI
MENGINTERVENSINYA
MENGIPAS-NGIPASI
MENGIRIM
MENGIRIMKAN
MENGISI
MENGISYARATKAN
MENGIZINKAN
MENGKLAIM
MENGKLONING
MENGKONSUMSI
MENGKRITIK
MENGOCEH
MENGOJEK
MENGONSUMSI
MENGOREK
MENGOREK-NGOREK
MENGUASAI
MENGUAT
MENGUATNYA
MENGUBAH
MENGUBEK-NGUBEK
MENGUCAP
MENGULANGI
MENGULUR-NGULUR
MENGUNDANG
MENGUNGKAP
MENGUNGKAPKAN
MENGURANGI
MENGURUSI
MENGUTARAKAN
MENGUTIP
MENGUTUK
MENHUB
MENHUTBUN
MENIKAH
MENILAI
MENIMBULKAN
MENINDAK
MENINDIHNYA
MENINGGAL
MENINGGALKAN
MENINGGALNYA
MENINGKAT
MENINGKATKAN
MENINGKATNYA
MENINJAU
MENIT
MENJABAT
MENJADI
MENJAGA
MENJALANI
MENJALANKAN
MENJAMBRET
MENJAMIN
MENJARAH
MENJAWAB
MENJAWABNYA
MENJELANG
MENJELASKAN
MENJENGUK
MENJUAL
MENKEU
MENKO
MENKOP
MENLU
MENNEG
MENOLAK
MENONJOL
MENONTON
MENPERINDAG
MENSESNEG
MENSURVEY
MENSYUKURI
MENTAH
MENTAL
MENTALNYA
MENTERI
MENU
MENUAI
MENUDUH
MENUJU
MENUKARKAN
MENUKARNYA
MENUNAIKAN
MENUNGGING-NUNGGING
MENUNGGU
MENUNJUK
MENUNJUKKAN
MENUNTUT
MENUNYA
MENURUNKAN
MENURUNNYA
MENURUT
MENURUTNYA
MENUTUP-NUTUPI
MENUTURKAN
MENYADARI
MENYAHUT
MENYAMAKAN
MENYAMAR
MENYAMPAIKAN
MENYANGKUT
MENYANGSIKAN
MENYANYIKAN
MENYARANKAN
MENYATAKAN
MENYEBABKAN
MENYEBAR
MENYEBUTKAN
MENYEBUT-NYEBUT
MENYEDIAKAN
MENYEDIHKAN
MENYEGEL
MENYEJAHTERAKAN
MENYELESAIKAN
MENYEMBUNYIKAN
MENYENANGKAN
MENYEPAKATI
MENYERAHKAN
MENYERAMKAN
MENYERANG
MENYERET
MENYERUKAN
MENYESALINYA
MENYETEL
MENYETUJUI
MENYEWA
MENYIBAK
MENYINDIR
MENYINGGUNG
MENYIRAMKAN
MENYITIR
MENYODORKAN
MENYONTOHKAN
MENYOROTI
MENYUAP
MENYUDUT-NYUDUTKAN
MENYUGUHKAN
MENYUKAI
MENYUKAINYA
MENYULITKAN
MENYUNDUL
MENYUPLAI
MENYURUH
MENYURVEI
MENYUSUI
MENYUSUL
MERAGUKAN
MERAH
MERANGSEK
MERAO
MERAPI
MERASA
MERASAKAN
MERAUKE
MERAYAKAN
MERCY
MERDEKA
MEREALISASI
MEREBUT
MEREFLEKSIKAN
MEREK
MEREKA
MEREKALAH
MEREK-MEREK
MERENGUT
MERESAHKAN
MERESPONS
MERIAH
MERINCI
MEROBEK
MEROSOT
MEROSOTNYA
MERUNTUHKAN
MERUPAKAN
MESIANISME
MESIN
MESINNYA
MESIR
MESJID
MESKI
MESKIPUN
MESTI
MESTINYA
METER
METODE
METRO
MEWAJIBKAN
MEWAKILI
MEWUJUDKAN
MEYAKINKAN
MIAMI
MIDAN
MIGAS
MIKE
MIKIR
MIKRO
MILIK
MILIKI
MILITAN
MILITER
MILITERNYA
MIMPI-MIMPI
MINANGKABAU
MINERAL
MINGGU
MINGGUAN
MINIMUM
MINTA
MINUM
MINUMAN
MINYAK
MIRIP
MIRIP-MIRIP
MIRZA
MISALNYA
MISI
MISKIN
MMM
MOBIL
MOBILNYA
MOCHTAR
MODEL
MODEL-MODEL
MODERAT
MODERATOR
MODERN
MODUS
MOGOK
MOHON
MOJOKERTO
MOLLA
MOLOTOV
MOMEN
MOMENTUM
MONYET
MORATORIUM
MORIENTES
MOTOR
MOZAIK
MPR
MUARIF
MUATANNYA
MUCHSIN
MUCHTAR
MUDA
MUDAH
MUFAKAT
MUGABE
MUHAIMIN
MUHAMAD
MUHAMMAD
MUHIYI
MUHYI
MUIN
MUKA
MUKHLIS
MUKHTAR
MUKTAMAR
MULAI
MULTI
MULTIDIMENSI
MULUT
MULYANI
MUNASLUB
MUNCUL
MUNCULLAH
MUNCULNYA
MUNDUR
MUNGKAR
MUNGKIN
MUNIR
MUNITIS
MURAH
MURAKAMINYA
MURDWIONO
MURID-MURIDNYA
MURSYIDAN
MURTI
MUSEUM
MUSIC
MUSIK
MUSIKAL
MUSIM
MUSLIM
MUSTAINE
MUSTOPO
MUSYAWARAH
MUTU
MUZADI
NABLUS
NADA
NAFSU
NAH
NAHI
NAIK
NAJIB
NAKATA
NAMA
NAMANYA
NAMUN
NANO
NANTI
NANTINYA
NARASUMBER
NARKOBA
NARKOTIKA
NARTO
NASI
NASIB
NASIBNYA
NASIONAL
NASKAH
NATALEGAWA
NAWAWI
NAZIF
NEGARA
NEGARA-NEGARA
NEGARANYA
NEGATIF
NEGERI
NEGOSIASI
NEIS
NEKAT
NELAYAN
NEPOTISME
NESTAPA
NETRAL
NEUROLOGI
NGACAU
NGACO
NGAKU
NGALAH
NGALOR-NGIDUL
NGAMBEK
NGANGGEP
NGANJUK
NGAPAIN
NGATIYEM
NGAWI
NGEBUT-NGEBUTAN
NGEDROP
NGELABA
NGEMPLANG
NGEPOP
NGERUBUNG
NGERUMPI
NGETEM
NGGAK
NGOMONG
NGOPI
NGOTOT
NGURUSIN
NGUYEN
NIAGA
NIAS
NIKKO
NILAI
NILAI-NILAI
NINOY
NITRAT
NJOP
NOL-NOL
NOMOR
NOMORNYA
NON
NONA
NONBUDGETER
NON-JOB
NONKOOPERATIF
NORIT
NORMAL
NOTE
NOVAL
NOVEMBER
NPWP
NTB
NTT
NUGROHO
NUNUZ
NUR
NURCHOLIS
NURDIN
NURHALIZA
NURMAHMUDI
NURSALIM
NUSA
NUSANIWE
NUSANTARA
NUWAWEA
NYAI
NYALI
NYAMAN
NYANYI
NYARIS
NYATA
NYATANYA
NYEKAR
NYENYAK
NYERI
NYINYIR
NYIUR
NYOMAN
NYONYA
NYUMBANG
NYUNGSEP
OBAT
OBAT-OBAT
OBJEKTIF
OBLIGASI
OBLIGOR
OBROLAN
OBSERVER
OBSTRUKTIF
OBYEK
OBYEKTIF
OCTAVIO
ODE
OEBOBO
OEMARSONO
OENTARTO
OFISIAL
OGOH-OGOH
OH
OIKUMENE
OKE
OKE-OKE
OKI
OKLAHOMA
OKNUM
OKSIGEN
OKTOBER
OLAHRAGA
OLEH
OLIMPIADE
OMBAK
OMONGAN
ONCOM
ONDE
ONDERDIL
ONGKOS
ONGKOSNYA
ONH
ONKOLOGI
OPERASI
OPERASIONAL
OPERATOR
OPINI
OPOSISI
OPTIMISME
OPTIMISTIS
ORANG
ORANGNYA
ORANG-ORANG
ORGANDA
ORGANISASI
ORISINIL
ORMAS
OSAMA
OSMAN
OTOMATIS
OTOMATISNYA
OTOMOTIF
OTONOMI
OTOT
OUT
OVERDOSIS
OZY
PABEAN
PABRIK
PADA
PADAHAL
PADAMU
PADANG
PADANYA
PADAT
PADU
PAGI
PAHAM
PAHAMI
PAHANYA
PAHLEVI
PAILIT
PAJAK
PAK
PAKAI
PAKAIAN
PAKAIANNYA
PAKAR
PAKET
PAKISTAN
PALEMBANG
PALESTINA
PALING
PALIUDJU
PALSU
PAMEO
PAMSWAKARSA
PAN
PANDANG
PANDANGAN
PANDEGLANG
PANGGIL
PANGGILAN
PANGGUNG
PANGKUAN
PANGLIMA
PANGSA
PANIGORO
PANITIA
PANJANG
PANSER
PANSUS
PANTAI
PANTAS
PANTAUAN
PANTHEON
PANTI
PANTURA
PANUTAN
PAPANDAYAN
PAPUA
PARA
PARAGUAY
PARAH
PARAU
PARIWISATA
PARK
PARLEMEN
PARPOL
PARTAI
PARTAINYA
PARU
PAS
PASANG
PASAR
PASCASARJANA
PASKIBRA
PASPOR
PASTI
PASUKAN
PASUKANNYA
PATAH
PATUNG-PATUNG
PATUT
PAUS
PAWAI
PAYAU
PBB
PBNU
PDAM
PDI
PDIP
PDI-PERJUANGAN
PEBULUTANGKIS
PECAH
PECAHAN
PECAT
PECI
PEDAGANG
PEDAS
PEDOMANNYA
PEDONGKELAN
PEDRO
PEDULI
PEGAWAI
PEGAWAINYA
PEGUNUNGAN
PEJABAT
PEKAN
PEKERJAAN
PELAKSANA
PELAKU
PELAN
PELANGGANNYA
PELANGGARAN
PELANTIKAN
PELAPOR
PELARI
PELATIH
PELATNAS
PELAYAN
PELAYANAN
PELAYARAN
PELEDAKAN
PELETON
PELNI
PELUANG-PELUANG
PELURU
PEMADAMAN
PEMAIN
PEMAKAI
PEMANDANG
PEMANDANGAN
PEMASARAN
PEMBACAAN
PEMBACANYA
PEMBAGIAN
PEMBAHASANNYA
PEMBAKARAN
PEMBANGUNAN
PEMBAYARAN
PEMBAYARANNYA
PEMBELA
PEMBELAAN
PEMBELIAN
PEMBENTUKAN
PEMBERIAN
PEMBERITAAN
PEMBERITAHUAN
PEMBERLAKUAN
PEMBINA
PEMBOMAN
PEMBUANGAN
PEMBUKA
PEMBUNUHAN
PEMDA
PEMDAPROV
PEMEGANG
PEMELIHARAAN
PEMENANG
PEMERIKSAAN
PEMERINTAH
PEMERINTAHAN
PEMESANAN
PEMICU
PEMILIHAN
PEMILIK
PEMIMPIN
PEMINDAHAN
PEMKAB
PEMKOT
PEMPROP
PEMPROV
PEMRED
PEMUDA
PEMULA
PENAHANAN
PENAHANANNYA
PENALTI
PENAMBANG
PENAMPILAN
PENANGANAN
PENANGGUNGJAWAB
PENANGKAPAN
PENARI
PENASIHAT
PENCALONAN
PENCERAMAH
PENCURI
PENDAKIAN
PENDAKWAH
PENDAPAT
PENDAPATAN
PENDATAAN
PENDEK
PENDERITA
PENDIDIK
PENDIDIKAN
PENDUDUK
PENDUKUNG
PENDUKUNGNYA
PENEBANGAN
PENEDUH
PENEKAN
PENELITI
PENELITIAN
PENEMBAKAN
PENENTUAN
PENERANGAN
PENERAPAN
PENERBANGAN
PENERIMAAN
PENERTIBAN
PENGACARA
PENGADAAN
PENGADILAN
PENGAJAR
PENGAKUAN
PENGAMAN
PENGAMAT
PENGAMATAN
PENGARAHAN
PENGARUH
PENGARUHI
PENGASUH
PENGAWAS
PENGAYOM
PENGCAB
PENGECER
PENGEDAR
PENGEMBANGAN
PENGENAL
PENGEROYOKAN
PENGGANTI
PENGGEMAR
PENGHARGAAN
PENGHEMATAN
PENGIRIMAN
PENGKHIANAT
PENGOPLOSAN
PENGUBURAN
PENGUJIAN
PENGUNDURAN
PENGUNGSI
PENGUNGSIAN
PENGUNJUNG
PENGURUS
PENGUSAHA
PENILAIANNYA
PENINGKATAN
PENIPUAN
PENITI
PENITIPAN
PENJAHAT
PENJAJA
PENJELASAN
PENJUAL
PENJUALAN
PENUH
PENUMPANG
PENURUNAN
PENYAKIT
PENYAMPAIAN
PENYANYI
PENYANYI-PENYANYI
PENYEBAB
PENYEBERANGAN
PENYEHATAN
PENYELESAIAN
PENYELEWENGAN
PENYELUNDUPAN
PENYEMPURNAAN
PENYERAHAN
PENYIDIK
PENYIDIKAN
PENYIMPANGAN
PENYISIHAN
PENYITAAN
PENYOK
PENYU
PENYUSUP
PER
PERABOTAN
PERADILAN
PERAHU
PERALATAN
PERANCIS
PERANG
PERANGAINYA
PERANGKO
PERANTAUAN
PERAWATAN
PERBAIKAN
PERBAIKI
PERBUATAN
PERCEPATAN
PERDA
PERDAGANGAN
PERDAGANGANNYA
PERDAMAIAN
PERDANAKUSUMA
PEREDARAN
PEREMPUAN
PERGELANGAN
PERGELARAN
PERGERAKANNYA
PERGI
PERGURUAN
PERHITUNGAN
PERHOTELAN
PERIHAL
PERIKLANAN
PERIKSA
PERIMBANGAN
PERINGATAN
PERINTAH
PERINTIS
PERISTIWA
PERIUK
PERJALANAN
PERJANJIAN
PERJUANGAN
PERKAMPUNGAN
PERKASA
PERKATAAN
PERKELAHIAN
PERKENALAN
PERKENALKAN
PERKIRAAN
PERLAHAN-LAHAN
PERLAKUAN
PERLU
PERLUNYA
PERMINTAAN
PERMISI
PERNAH
PERNAHKAH
PERNYATAAN
PEROKOK
PERON
PERPANJANGAN
PERPLONCOAN
PERRIER
PERS
PERSAINGAN
PERSATUAN
PERSEMBUNYIAN
PERSEPSI
PERSERIKATAN
PERSIAPAN
PERSONEL
PERSYARATAN
PERTAHANAN
PERTAMA
PERTAMINA
PERTANYAAN
PERTEMUAN
PERTENGAHAN
PERTIKAIAN
PERTIMBANGAN
PERTOKOAN
PERTUNJUKAN
PERUBAHAN
PERUNGGU
PERUSAHAAN
PERUSAHAANNYA
PERUSAHAAN-PERUSAHAAN
PERUSAHAN
PERUSAKAN
PERUT
PERWAKILAN
PERWAKILAN-PERWAKILAN
PESAN
PESANAN
PESANKAN
PESANTREN
PESAWAT
PESERTA
PESIMIS
PESISIR
PESTA
PETA
PETAMBAK
PETANI
PETIKAN
PETROKIMIA
PETUGAS
PEZIARAH
PHILIPINA
PIALA
PIAWAI
PIDATO
PIDATONYA
PIHAK
PIHAKNYA
PILIH
PILIHAN
PILIHLAH
PILIH-PILIH
PILOT
PIMPINAN
PINDAH
PINGGIR
PINGGIRAN
PINGSAN
PINJAMAN
PINJAMANNYA
PINTAR
PINTER
PINTU
PIRING
PISAU
PISTOL
PIUTANG
PJS
PKB
PLASA
PLATFORM
PLATINUM
PLAZA
PLEDOI
PLEIDOI
PLENO
PLESTER
PLN
PLURALITAS
PLUS
POHON
POKOK
POKOKNYA
POLA
POLDA
POLEMIK
POLISI
POLITIK
POLRES
POLRESTA
POLRI
POLSEK
POLSOSKAM
POLWIL
POLWILTABES
PONCOL
PONDOK
PONOROGO
PONPES
POP
PORNOGRAFI
PORSI
POS
POSISI
POSISINYA
POSITIF
POSKO
POSKO-POSKO
POSO
POSTER
POSYANDU
POTONG
POTONGAN
POTRET
PP
PRADJOTO
PRAHA
PRAJURIT
PRAKTIS
PRAKTISI
PRAM
PRAMUDYA
PRASETYO
PREMAN
PREMIUM
PREROGATIF
PREROGRATIF
PRESIDEN
PRESLEY
PRESTASI
PREVENTIF
PRIA
PRIHATINKAN
PRIMADONA
PRINSIPNYA
PRINSIP-PRINSIP
PRIVATISASI
PRIYO
PRO
PROBLEM
PROBOSUTEDJO
PRODUKSI
PROGRAM
PROGRESIF
PRO-INTEGRASI
PROPINSI
PROPORSIONAL
PROSEDUR
PROSEDURNYA
PROSES
PROSESNYA
PROTES
PROVINSI
PROVOKATOR
PROVOS
PROYEK
PRUMPUNG
PSIKIATER
PSIKOLOG
PSIKOLOGIS
PT
PUBLIK
PUCUK
PUDAR
PUING-PUING
PUISI
PULA
PULANG
PULAU
PULAU-PULAU
PULUH
PULUHAN
PUN
PUNCAK
PUNGUTAN
PUNYA
PUPUK
PURBA
PURNOMO
PURWOREJO
PUSARA
PUSAT
PUSING
PUSLABFOR
PUSPOYO
PUTARAN
PUTAU
PUTIH
PUTRA
PUTUS
PUTUSAN
PUYUH
PWNU
QATAR
QODRI
QUO
RABIES
RABU
RACHBINI
RADIO
RAGAM
RAGUKAN
RAHARDI
RAHMAT
RAIS
RAJA
RAKERNAS
RAKITAN
RAKSASA
RAKYAT
RAMADHAN
RAMAH
RAMAI
RAMAI-RAMAI
RAMAI-RAMAINYA
RAMALLAH
RAMBUT
RAMDLON
RAMELOW
RAMLI
RANGKA
RANJANG
RANTAI
RAPAT
RAPEL
RAPI
RASA
RASANYA
RASIO
RASYID
RASYIDI
RATA-RATA
RATUS
RATUSAN
RAUF
RAWAT
REAKSI
REBOISASI
REBUS
RECEH
REDJEKI
RE-EKSPOR
REFERENDUM
REFERENSI
REFLEKSI
REFORMASI
REFORMIS
REGIONAL
REGULER
REJIM
REKAMAN
REKANNYA
REKENING
REKOMENDASIKAN
REKREASI
REKSA
REL
RELATIF
RELEVANSINYA
RELIGIUS
RELOKASI
REM
REMBUG
REMNYA
REM-REM
RENANG
RENCANA
RENDAH
RENDAHNYA
REOG
REPARASI
REPORTER
REPROAKTIF
REPUBLIK
RERUNTUHAN
RESEP
RESERSE
RESERVASI
RESIKO
RESITAL
RESMI
RESOLUSI-RESOLUSI
RESPON
RESPONSIF
RESTORAN
RESTRUKTURISASI
RETAK
REUNIFIKASI
REVISI
REVOLUSI
REVOLVER
REYOT
REZA
REZEKI
REZEKINYA
REZIM
REZLAN
RI
RIAU
RIBU
RIBUAN
RICUH
RINCI
RINGAN
RINING
RISET
RISIKO
RISWANDHA
RITONGA
RIUH
RIYANTO
RIZAL
RIZIEQ
RIZKI
ROBBY
ROCHIMAT
ROCHMAN
RODA
ROIS
ROJI
ROKOK
ROL
ROMBONGAN
ROMLY
ROMMY
RONDE
ROSBIRI
ROSIHAN
ROSSYATI
ROTI
ROY
ROYONG
RRC
RS
RSCM
RSU
RSUD
RT
RUANG
RUANGAN
RUANG-WAKTU
RUCHYAT
RUCI
RUDOLPH
RUGI
RUHUT
RUJUKAN
RULLY
RUMAH
RUMAHNYA
RUMAH-RUMAH
RUMIT
RUMOR
RUMP
RUMPUT
RUMSFELD
RUMUSAN
RUNTUHNYA
RUPANYA
RUPIAH
RUPS
RUSAK
RUSKANDAR
RUSLANI
RUTE
RUU
RW
RYACUDU
RYAMIZARD
S
SAAT
SAATNYA
SABARLAH
SABARNO
SABETAN
SABIRIN
SABIT
SABTU
SABUK
SABUT
SADAR
SAEFULLOH
SAFNIL
SAHAM
SAHID
SAH-SAH
SAHUR
SAILENDRA
SAJA
SAKING
SAKIT
SAKSI
SALAH
SALAMAN
SALDI
SALEH
SALING
SALMON
SALVADOR
SAMA
SAMA-SAMA
SAMBIL
SAMBUAGA
SAMBUNG
SAMBUNGKAN
SAMPAI
SAMPAIKAN
SAMPAILAH
SAMPAI-SAMPAI
SAMPING
SAMUDRA
SAMUEL
SANA
SANDWICH
SANG
SANGAT
SANJAYA
SANKSI
SANTAP
SANTOSO
SANUR
SAPAAN
SAPUAN
SARAPAN
SARUNG
SATO
SATPOL
SATU
SATUAN
SATUNYA
SATU-SATUNYA
SAUDARA
SAUDARANYA
SAWO
SAYA
SAYANG
SAYANGNYA
SAYED
SCHUBERT
SEABAD
SEANDAINYA
SEBAB
SEBAB-SEBAB
SEBAGAI
SEBAGAINYA
SEBAGIAN
SEBAHU
SEBAIKNYA
SEBALIKNYA
SEBANYAK
SEBELAH
SEBELAS
SEBELUM
SEBELUMNYA
SEBENARNYA
SEBENTAR
SEBUAH
SEBUNGKUS
SECANGKIR
SECARA
SEDAN
SEDANG
SEDANGKAN
SEDAP
SEDERHANA
SEDIAKAN
SEDIKIT
SEDIKITNYA
SEDYONO
SEFRONTAL
SEGALA
SEGALANYA
SEGELAS
SEGENAP
SEGERA
SEGITIGA
SEHARGA
SEHARI
SEHARI-HARI
SEHARUSNYA
SEHAT
SEHELAI
SEHINGGA
SEINE
SEJAK
SEJALAN
SEJAUH
SEJUMLAH
SEJUTA
SEKADAR
SEKALI
SEKALIAN
SEKALIGUS
SEKALIPUN
SEKARANG
SEKEDAR
SEKITAR
SEKJEN
SEKOLAH
SEKONYONG-KONYONG
SEKRETARIAT
SEKRETARIS
SEKSI
SEKURITAS
SELADA
SELAIN
SELAKU
SELALU
SELAMA
SELAMAT
SELANCAR
SELANJUTNYA
SELASA
SELATAN
SELESAI
SELESAINYA
SELISIH
SELNYA
SELONGSONGNYA
SELULER
SELURUH
SEMAKIN
SEMALAM
SEMARANG
SEMASA
SEMATA
SEMBAKO
SEMBARI
SEMBILAN
SEMBUNYI-SEMBUNYI
SEMEN
SEMENTARA
SEMINGGU
SEMOGA
SEMPAT
SEMPIT
SEMPURNA
SEMRAWUT
SEMUA
SEMUANYA
SEMULA
SEN
SENADA
SENANG
SENANTIASA
SENAYAN
SENDIRI
SENDIRIAN
SENEN
SENGAJA
SENGKETA
SENIOR
SENJATA
SENJATANYA
SENO
SENTIMEN
SENYUMAN
SEORANG
SEPAK
SEPAKAT
SEPANDAI-PANDAINYA
SEPANJANG
SEPATU
SEPATUNYA
SEPEDA
SEPEKAN
SEPERTI
SEPERTINYA
SEPTEMBER
SEPULUH
SEPYATI
SERAGAM
SERAHKAN
SERAMBI
SERANGAN
SERATUS
SERBIA
SERBUAN
SERFIANUS
SERGAH
SERGAPAN
SERI
SERIBU
SERIKAT
SERING
SERPIHAN
SERPONG
SERSAN
SERSE
SERTA
SERUPA
SESEORANG
SESUAI
SESUATU
SET
SETEBAL
SETELAH
SETEMPAT
SETENGAH
SETERUSNYA
SETIAP
SETIBANYA
SETIDAKNYA
SETJEN
SETNEG
SETUJU
SEUKURAN
SEUSAI
SEWAAN
SEWAKTU
SEWENANG-WENANG
SEWU
SEYOGYANYA
SHAFWAN
SHALAT
SHAMBAZY
SHANGHAI
SHANTY
SHEIKH
SHOLAT
SI
SIANG
SIAP
SIAPA
SIAPKAN
SIARAN
SIBUK
SIDANG
SIDIK
SIDNEY
SIFATNYA
SIGNIFIKAN
SIH
SIHALOHO
SIKAP
SILAHKAN
SILAKAN
SIM
SIMATUPANG
SIMBOLIS
SIMON
SIMPAN
SINAMBELA
SINAY
SINETRON
SINGAPURA
SINGGAH
SINI
SINJAI
SINYO
SIPADAN
SIRLOIN
SISANYA
SISI
SISTEM
SISWONO
SISWOYO
SITI
SITU
SITUASI
SITUMORANG
SITUS
SITUS-SITUS
SJACHRIEL
SJAFRIE
SJAMSOEDDIN
SK
SKEDUL
SKENARIO
SKENARIONYA
SKI
SKOR
SLAMET
SLEMAN
SLIP
SLIPI
SLTP
SMA
SMITH
SMU
SOAL
SOALNYA
SODANYA
SOEBAGYO
SOEDIBYO
SOEHARTO
SOEKARNOPUTRI
SOERJOGOERITNO
SOETARDJO
SOFYAN
SOGOK-MENYOGOK
SOHO
SOLAR
SOLEKHAH
SOLIDARITAS
SOLO
SOLVABILITAS
SOMOMOELJONO
SONY
SOPIR
SOPIRNYA
SORAKAN
SORAK-SORAI
SORE
SOSOK
SOUL
SOULISA
SPANDUK
SPANYOL
SPBU
SPEKTAKEL
SPESIALISASINYA
SPESIFIK
SPIRITUAL
SPONTAN
SREG
SRI
SRIWEDARI
SRIWIJAYA
STABIL
STADION
STAF
STAFNYA
STAGNAN
STAMINA
STANDAR
STASIUN
STATUS
STEAK
STIGMA
STOP
STRUKTUR
SUAEB
SUAIB
SUAMI
SUARA
SUASANA
SUATU
SUB
SUBIJAKTO
SUBSTANTIF
SUBVERSI
SUBYEK
SUBYEKTIVITAS
SUCAHYO
SUDAH
SUDAN
SUDARSONO
SUDARTO
SUDIRMAN
SUDUT
SUDWIKATMONO
SUFI
SUGITO
SUGYATI
SUHARDI
SUHU
SUJUD
SUKA
SUKAI
SUKARNOPUTRI
SUKOREJO
SUKSES
SULAWESI
SULISTYONO
SULIT
SULSEL
SULTAN
SUMADI
SUMATERA
SUMBANGAN
SUMBER
SUMSEL
SUMUR
SUNAH
SUNDA
SUNGAI
SUNGGUH
SUNTER
SUNYI
SUNYOTO
SUPERMARKET
SURABAYA-JAKARTA
SURAIYA
SURAT
SURAU-SURAU
SURVEI
SURYADHARMA
SURYO
SUSTAINABILITAS
SUTA
SUTANTO
SUTARTO
SUTIYOSO
SUTOWO
SUTRADARA
SUWONDO
SUZUKI
SWALAYAN
SWASEMBADA
SWASTA
SWEDIA
SWETER
SYABIRIN
SYAEFUL
SYAFEI
SYAFII
SYAFIIE
SYAFIUDDIN
SYAFRUDIN
SYAHBANDAR
SYAHID
SYAHPUTRA
SYAHRIL
SYAHRUDIN
SYAIFULLAH
SYAKIR
SYAMSUDDIN
SYAMSUDIN
SYAMSUL
SYAMSURI
SYAMTALIRA
SYARAF
SYARAT
SYARAT-SYARAT
SYARIAH
SYARIAT
SYARIEF
SYARIF
SYARIFUDIN
SYAUKANI
SYED
SYEIS
SYEKH
SYIFA
SYIHAB
SYOFIAN
SYUHADA
SYUKRI
SYUKUR
SYUKURAN
SYURIAH
SYURO
SYUTING
TABLOID
TABRAKAN
TABU
TABUNG-TABUNG
TABUR
TADI
TADINYA
TAGIHAN
TAHAN
TAHANAN
TAHAP
TAHAPAN
TAHAPANNYA
TAHU
TAHUN
TAHUNAN
TAJ
TAK
TAKBIRAN
TAKLIM
TAKRAW
TAKTIS
TAKUT
TAMAN
TAMBAH
TAMBAHAN
TAMBAHNYA
TAMBAK
TAMBUNAN
TAMPAK
TAMPIL
TAMU
TANAH
TANAKA
TANAM
TANDA
TANDA-TANDA
TANDJUNG
TANGAN
TANGANMU
TANGANNYA
TANGERANG
TANGGA
TANGGAL
TANGGUNG
TANGKAP
TANGKI
TANPA
TANYA
TAPANULI
TAPI
TARAF
TARAKAN
TARAWIH
TARGETKAN
TARIF
TARUHLAH
TAS
TASAWUF
TAS-TAS
TASYA
TATA
TATKALA
TAUFAN
TAUFIK
TAUFIQ
TAULAN
TAWA
TAWARAN
TAWARKAN
TAWAU-NUNUKAN
TAWURAN
TAYUB
TBC
TEATER
TEBU
TEGAK
TEGAS
TEGASNYA
TEH
TEKAD
TEKAN
TEKANAN
TEKNIK
TEKNIS
TEKNISI
TEKO
TEKS
TELAH
TELEKOMUNIKASI
TELEPON
TELESKOP
TELEVISI
TELKOM
TELPON
TELUNJUK
TELUR
TEMAN
TEMANNYA
TEMBAKAN
TEMBOK-TEMBOK
TEMPAT
TEMPO
TEMPUR
TENAGA
TENDER
TENGAH
TENGGARA
TENGGAT
TENGGELAM
TENGOKLAH
TENIS
TENTANG
TENTU
TENTUNYA
TEORETIS
TEORI
TEPAT
TEPUKAN
TERAKHIR
TERASA
TERATAI
TERBALIK
TERBANG
TERBANTU
TERBATAS
TERBENTUK
TERBESAR
TERBILANG
TERBUAT
TERBUKA
TERCAPAINYA
TERCEMARI
TERCIPTA
TERDAKWA
TERDAPAT
TERDEGRADASI
TERDEKAT
TERDENGAR
TERDIRI
TERDISTRIBUSI
TERENDAM
TERFAVORIT
TERGABUNG
TERGANTUNG
TERGESA-GESA
TERGOLONG
TERGUGAT
TERGULING
TERHADANG
TERHADAP
TERHEGEMONI
TERHENYAK
TERIAKAN
TERIKAT
TERIMA
TERJADI
TERJUAL
TERKAPAR
TERKECOH
TERKENA
TERKENAL
TERKESAN
TERKILIR
TERKOOPTASI
TERKORUP
TERLALU
TERLAMBAT
TERLAMPAU
TERLANJUR
TERLIBAT
TERLIHAT
TERLUKA
TERMASUK
TEROR
TERORIS
TERORISME
TERPADU
TERPAKSA
TERPANCAR
TERPANCING
TERPENGARUH
TERPIDANA
TERPILIH
TERPISAH
TERPOLITISASI
TERPROVOKASI
TERSANGKA
TERSEBUT
TERSEDIA
TERSEMBUNYI
TERSEOK-SEOK
TERSERANG
TERSUSUN
TERTAWA
TERTENTU
TERTIB
TERTINGGI
TERTUTUP
TERUNGKAP
TERUS
TERUS-MENERUS
TERUTAMA
TERWUJUD
TERWUJUDNYA
TES
TETAP
TETAPI
TEVE
TEWAS
TEWASNYA
THAHIR
THALIB
THEO
TIAP
TIBA
TIBA-TIBA
TIDAK
TIDUR
TIDURNYA
TIGA
TIGA-EMPAT
TIKET
TIKETNYA
TIM
TIMBAL
TIMBUL
TIMNYA
TIMOR
TIMPAL
TIMTIM
TIMUR
TINDAK
TINDAKAN
TINGGAL
TINGGI
TINGGINYA
TINGKAT
TINJAU
TINJAUAN
TINJU
TINTA
TIONGHOA
TIPE
TIPIS
TIRAI
TITIK
TITIPAN
TIUPAN
TJAGER
TJAKRAWERDAJA
TKP
TNI
TOBING
TOEDJOE
TOEMION
TOGEL
TOH
TOILET
TOILETNYA
TOKO
TOKOH
TOKOH-TOKOH
TOKYO
TOL
TOLAK
TOLONG
TOMAT
TOMBAK
TOMMY
TONGKAT
TOP
TOPENG
TOPI
TOPOGRAFI
TOPOGRAFINYA
TOTAL
TOYOTA
TRADISI
TRAGEDI
TRANS
TRANSFUSI
TRANSIT
TRANSLOKASI
TRANSMIGRASI
TRANSNASIONAL
TRANTIB
TRAUMA
TRAVO
TRI
TRIGLISERIDA
TRIPLEKS
TRIWULAN
TRUK
TUA
TUBUH
TUBUHNYA
TUDUH
TUDUHAN
TUGAS
TUGASNYA
TUGAS-TUGAS
TUHAN
TUJUAN
TUJUANNYA
TUJUH
TUKAR
TUKARKAN
TUMBUH
TUMPAH
TUNAI
TUNGAU
TUNGGAL
TUNGGU
TUNJUKKAN
TUNTASKAN
TUNTUT
TUNTUTAN
TUR
TURUN
TURUNNYA
TUTUP
TUTURNYA
TUTUT
TV
TYASNO
UANG
UANGNYA
UBAH
UBAYA
UCAP
UCAPANNYA
UCAPAN-UCAPAN
UCAPNYA
UCOK
UDANG
UDARA
UDIN
UGD
UGM
UI
UJANG
UJAR
UJARNYA
UJI
UJIAN
UJUG-UJUG
UKHROWI
UKHUWAH
UKULELE
UKURAN
UKURANNYA
ULAMA
ULANG
ULIN
ULTIMATUM
UMAR
UMAT
UMUM
UMUMKAN
UNDANGAN
UNEG-UNEG
UNEK-UNEKNYA
UNGGUL
UNGKAP
UNGKAPAN
UNGKAPNYA
UNGU
UNIT
UNIVERSAL
UNIVERSITAS
UNJUK
UNSUR-UNSUR
UNSYIAH
UNTUK
UNTUKMU
UNTUNG
UPACARA
UPAH
UPAYA
UPAYAKAN
UPAYA-UPAYA
URAI
URAIAN
URAINYA
UREA
URIP
URUSAN
USAH
USAHA
USAHANYA
USAI
USANG
USIR
USTAD
USUL
USULAN
UTAMA
UTANG
UTARA
UTOMO
UUD
VAKSIN
VALUENYA
VAN
VARIABEL-VARIABEL
VEGETASI
VENEZUELA
VERBAL
VERIFIKASI
VERSI
VERZET
VERZOLA
VETERAN
VIA
VIEIRA
VIETNAM
VINCENT
VIRGINIA
VISA
VITAL
VOLUME
VOLUMENYA
VOLVO
VONIS
VOTING
VULKANOLOGI
WABAH
WACANA
WACHID
WAGUB
WAHAI
WAHID
WAHYU
WAHYUDI
WAIHAONG
WAIMURI
WAJAHNYA
WAJAR
WAJIB
WAKABULOG
WAKAKORSERSE
WAKIL
WAKTU
WALAU
WALAUPUN
WALHI
WALI
WALIKOTA
WALISONGO
WALUYO
WANANDI
WANITA
WAPRES
WARGA
WARNA
WARNANYA
WARTAWAN
WARTEG
WARUNG
WASIT
WASPADALAH
WATSON
WAYANG
WAYN
WBC
WELERI
WENAS
WENDA
WESEL
WETON
WEWENANG
WEWENANGNYA
WIBAWA
WIBISONO
WICAKSANA
WICAKSONO
WIDIGDO
WIDJANARKO
WIDJOJANTO
WIDODO
WIG
WILAYAH
WILFRED
WILMAR
WIMAR
WINARTA
WIRABHAKTI
WIRAHADIKUSUMAH
WIRANU
WIRASWASTA
WIRID
WISATAWAN
WISKI
WISNUMURTI
WITOELAR
WIWOHO
WIYONO
WNI
WOLFENSOHN
WONOSOBO
WOWOR
WTC
WTO
WUDU
WUJUD
WUJUDNYA
WURYANTO
WYNNE
YA
YACOB
YAFIE
YAITU
YAKIN
YAKNI
YAKOB
YANG
YASIN
YAYASAN
YEL-YEL
YEN
YENI
YESUS
YLBHI
YLKI
YOGYAKARTA
YOHANES
YOPI
YOS
YOSHIDA
YOZI
YUBERT
YUDHOYONO
YUDI
YUDO
YUGOSLAVIA
YULI
YULIANA
YUNANI
YUNI
YUNIOR
YURIDIS
YUS
YUSGIANTORO
YUSRIL
YUSUF
YUWONO
YUZRIL
ZAENAL
ZAGE
ZAINOEL
ZAINUDDIN
ZAKARIA
ZAKAT
ZAKIR
ZALDY
ZAMAN
ZARKASIH
ZAT-ZAT
ZAWAWI
ZEBUA
ZEIN
ZELDY
ZEMIN
ZENDRATO
ZENI
ZIA
ZIARAH
ZIMBABWE
ZIONISME
ZIPUR
ZOHRA
ZONA
ZONE
ZUBAEDAH
ZUBAIR
ZUHEIR
ZUIYEN
ZULFAN
ZULFIKAR
ZULKARNAEN
ZULKIFLI
ZULVAN
